[2026-03-12 22:03:31] === Auto-sync iniciado ===
[2026-03-12 22:03:31] Monitorando: /home/u/Documentos/GOYAS SYSTEMS
[2026-03-12 22:03:36] Alterações detectadas — fazendo commit e push...
[estabilizacao-fase1 14849a5] auto-sync: 2026-03-12 22:03:36 [linux]
 3 files changed, 185 insertions(+)
 create mode 100755 .sync/auto-sync-linux.sh
 create mode 100644 .sync/auto-sync-windows.ps1
 create mode 100644 .sync/sync.log
error: cannot pull with rebase: You have unstaged changes.
error: Please commit or stash them.
To github.com:iainvestimentosenvio-wq/GOYAS-SYSTEM---BRAINDOC-DESENVOLVIMENTO---THI-DIE.git
 * [new branch]      estabilizacao-fase1 -> estabilizacao-fase1
[2026-03-12 22:03:46] Push concluído com sucesso
[2026-03-12 22:03:51] Alterações detectadas — fazendo commit e push...
[estabilizacao-fase1 cbad25a] auto-sync: 2026-03-12 22:03:52 [linux]
 1 file changed, 11 insertions(+)
error: cannot pull with rebase: You have unstaged changes.
error: Please commit or stash them.
To github.com:iainvestimentosenvio-wq/GOYAS-SYSTEM---BRAINDOC-DESENVOLVIMENTO---THI-DIE.git
   14849a5..cbad25a  estabilizacao-fase1 -> estabilizacao-fase1
[2026-03-12 22:03:53] Push concluído com sucesso
[2026-03-12 22:03:58] Alterações detectadas — fazendo commit e push...
[estabilizacao-fase1 05f0b65] auto-sync: 2026-03-12 22:03:58 [linux]
 2 files changed, 16 insertions(+), 21 deletions(-)
error: cannot pull with rebase: You have unstaged changes.
error: Please commit or stash them.
To github.com:iainvestimentosenvio-wq/GOYAS-SYSTEM---BRAINDOC-DESENVOLVIMENTO---THI-DIE.git
   cbad25a..05f0b65  estabilizacao-fase1 -> estabilizacao-fase1
[2026-03-12 22:04:00] Push concluído com sucesso
[2026-03-12 22:04:01] === Auto-sync iniciado ===
[2026-03-12 22:04:01] Monitorando: /home/u/Documentos/GOYAS SYSTEMS
[2026-03-12 22:04:06] Alterações detectadas — fazendo commit e push...
[estabilizacao-fase1 4bbb1cb] auto-sync: 2026-03-12 22:04:06 [linux]
 1 file changed, 10 insertions(+)
error: cannot pull with rebase: You have unstaged changes.
error: Please commit or stash them.
To github.com:iainvestimentosenvio-wq/GOYAS-SYSTEM---BRAINDOC-DESENVOLVIMENTO---THI-DIE.git
   05f0b65..4bbb1cb  estabilizacao-fase1 -> estabilizacao-fase1
[2026-03-12 22:04:08] Push concluído com sucesso
[2026-03-12 22:04:13] Alterações detectadas — fazendo commit e push...
[estabilizacao-fase1 5e6f87b] auto-sync: 2026-03-12 22:04:13 [linux]
 1 file changed, 8 insertions(+)
error: cannot pull with rebase: You have unstaged changes.
error: Please commit or stash them.
To github.com:iainvestimentosenvio-wq/GOYAS-SYSTEM---BRAINDOC-DESENVOLVIMENTO---THI-DIE.git
   4bbb1cb..5e6f87b  estabilizacao-fase1 -> estabilizacao-fase1
[2026-03-12 22:04:15] Push concluído com sucesso
[2026-03-12 22:04:20] Alterações detectadas — fazendo commit e push...
[estabilizacao-fase1 49c7e3a] auto-sync: 2026-03-12 22:04:20 [linux]
 1 file changed, 8 insertions(+)
error: cannot pull with rebase: You have unstaged changes.
error: Please commit or stash them.
To github.com:iainvestimentosenvio-wq/GOYAS-SYSTEM---BRAINDOC-DESENVOLVIMENTO---THI-DIE.git
   5e6f87b..49c7e3a  estabilizacao-fase1 -> estabilizacao-fase1
[2026-03-12 22:04:22] Push concluído com sucesso
[2026-03-12 22:04:27] Alterações detectadas — fazendo commit e push...
